╭──────────────────────────────────────────────────────────────────────────────╮
│ [1mdiff: remote → staged  ·  s: side-by-side[m                                    │
│ [1m--- remote[m                                                                   │
│ [1m+++ staged[m                                                                   │
│ @@ -1,2 +1,2 @@                                                              │
│ -host: a.internal                                                            │
│ +host: b.internal                                                            │
│ -port: 1                                                                     │
│ +port: 2                                                                     │
│                                                                              │
│                                                                              │
│                                                                              │
│                                                                              │
│                                                                              │
│                                                                              │
│                                                                              │
│                                                                              │
│                                                                              │
│                                                                              │
│                                                                              │
│                                                                              │
│                                                                              │
│                                                                              │
╰──────────────────────────────────────────────────────────────────────────────╯