suve  aws · profile:dev · account:123456789012 · region:ap-northeast-1
 Param Secret Staging
────────────────────────────────────────────────────────────────────────────────────────────────────────────────────────
prefix: —   filter: —   values:off  recursive:on  ⟳
╭────────────────────────────────────────────╮╭────────────────────────────────────────────────────────────────────────╮
│entries (1)                                 ││/app/web/CONFIG                                                         │
│▸ /app/web/CONFIG                           ││Value   (J to unformat)                                                 │
│                                            ││{                                                                       │
│                                            ││  "host": "db.internal",                                                │
│                                            ││  "port": 5432,                                                         │
│                                            ││                                                                        │
│                                            ││Version     3 (current)                                                 │
│                                            ││Type        String                                                      │
│                                            ││Modified    2026-07-01 09:30:00                                         │
│                                            ││Tags        (none)                                                      │
│                                            ││                                                                        │
│                                            ││History   enter: history · c: compare mode                              │
│                                            ││▹ #3  2026-07-01  current                                               │
│                                            ││     {"host":"db.internal","port":5432,"tls":true}                      │
│                                            ││                                                                        │
│                                            ││                                                                        │
│                                            ││                                                                        │
│                                            ││                                                                        │
│                                            ││                                                                        │
│                                            ││                                                                        │
│                                            ││                                                                        │
│                                            ││                                                                        │
│                                            ││                                                                        │
│                                            ││                                                                        │
│                                            ││                                                                        │
│                                            ││                                                                        │
│                                            ││                                                                        │
╰────────────────────────────────────────────╯╰────────────────────────────────────────────────────────────────────────╯
 ↑/↓ move • / filter • e edit • n new • enter history • tab next tab • 1/2/3 jump to tab • ? help • q quit