╭──────────────────────────────────────────────────────────╮
│  Tag — /app/api/DATABASE_URL                             │
│                                                          │
│  ┃ Key                                                   │
│  ┃ >                                                     │
│                                                          │
│    Value                                                 │
│    > (add only)                                          │
│  tab/↑↓: fields · enter: next · esc: cancel              │
╰──────────────────────────────────────────────────────────╯