╭──────────────────────────────────────────────────────────────────────────────────────────────────╮
│diff: /app/api/DATABASE_URL#13 → /app/api/DATABASE_URL#14                                         │
│--- /app/api/DATABASE_URL#13                                                                      │
│+++ /app/api/DATABASE_URL#14                                                                      │
│@@ -1,4 +1,4 @@                                                                                   │
│ {                                                                                                │
│-  "host": "db-old.internal",                                                                     │
│+  "host": "db-new.internal",                                                                     │
│   "port": 5432                                                                                   │
│ }                                                                                                │
│\ No newline at end of file                                                                       │
│                                                                                                  │
│                                                                                                  │
│                                                                                                  │
│                                                                                                  │
│                                                                                                  │
│                                                                                                  │
│                                                                                                  │
│                                                                                                  │
│                                                                                                  │
│                                                                                                  │
│                                                                                                  │
│                                                                                                  │
│                                                                                                  │
│                                                                                                  │
│                                                                                                  │
│                                                                                                  │
│                                                                                                  │
│                                                                                                  │
╰──────────────────────────────────────────────────────────────────────────────────────────────────╯