suve  aws · profile:dev · account:123456789012 · region:ap-northeast-1
 Param Secret Staging(1)
────────────────────────────────────────────────────────────────────────────────────────────────────────────────────────
prefix: —   filter: —   values:off  ⟳
cannot tag: staged for deletion — reset first
╭────────────────────────────────────────────╮╭────────────────────────────────────────────────────────────────────────╮
│entries (2)                                 ││prod/api/key                                                            │
│▸ prod/api/key                      [staged]││⚠ staged changes — S: staging                                           │
│  prod/web/session                          ││                                                                        │
│                                            ││Value   (x to reveal)                                                   │
│                                            ││••••••••••••                                                            │
│                                            ││                                                                        │
│                                            ││                                                                        │
│                                            ││                                                                        │
│                                            ││Version ID  a1b2c3d4-1111-2222-3333-444455556666                        │
│                                            ││Created     2026-07-01 09:30:00                                         │
│                                            ││ARN         arn:aws:secretsmanager:ap-northeast-1:123456789012:secret:pr│
│                                            ││Labels      AWSCURRENT                                                  │
│                                            ││Tags        (none)                                                      │
│                                            ││                                                                        │
│                                            ││History   enter: history · c: compare mode                              │
│                                            ││▹ a1b2c3d4…  2026-07-01  current  [AWSCURRENT]                          │
│                                            ││  e5f6a7b8…  2026-06-24  [AWSPREVIOUS]                                  │
│                                            ││                                                                        │
│                                            ││                                                                        │
│                                            ││                                                                        │
│                                            ││                                                                        │
│                                            ││                                                                        │
│                                            ││                                                                        │
│                                            ││                                                                        │
│                                            ││                                                                        │
│                                            ││                                                                        │
╰────────────────────────────────────────────╯╰────────────────────────────────────────────────────────────────────────╯
 tab next tab • 1/2/3 jump to tab • ? help • q quit