╭──────────────────────────────────────────────────────────╮
│  New secret                                              │
│                                                          │
│  ┃ Name                                                  │
│  ┃ >                                                     │
│                                                          │
│    Value                                                 │
│                                                          │
│                                                          │
│                                                          │
│                                                          │
│                                                          │
│    Description                                           │
│    > (optional)                                          │
│  tab/↑↓: fields · enter: next · esc: cancel              │
╰──────────────────────────────────────────────────────────╯