╭──────────────────────────────────────────────────────────╮
│  New parameter                                           │
│                                                          │
│  ┃ Name                                                  │
│  ┃ >                                                     │
│                                                          │
│    Type                                                  │
│    > String                                              │
│      SecureString                                        │
│      StringList                                          │
│                                                          │
│    Value                                                 │
│                                                          │
│                                                          │
│                                                          │
│                                                          │
│                                                          │
│    Description                                           │
│    > (optional)                                          │
│  tab/↑↓: fields · enter: next · esc: cancel              │
╰──────────────────────────────────────────────────────────╯