╭──────────────────────────────────────────────────────────╮
│  Edit /app/api/DATABASE_URL                              │
│                                                          │
│  ┃ Value                                                 │
│  ┃ postgres://new                                        │
│  ┃                                                       │
│  ┃                                                       │
│  ┃                                                       │
│                                                          │
│    Description                                           │
│    (optional)                                            │
│                                                          │
│                                                          │
│                                                          │
│      OK                                                  │
│  tab: fields · enter: newline · ctrl+o: $EDITOR · [OK]:  │
│  submit · esc: cancel                                    │
╰──────────────────────────────────────────────────────────╯