suve  azure · vault:myvault
 Key Vault Staging
────────────────────────────────────────────────────────────────────────────────────────────────────────────────────────
prefix: —   filter: —   values:off  ⟳
╭────────────────────────────────────────────╮╭────────────────────────────────────────────────────────────────────────╮
│entries (2)                                 ││api-token                                                               │
│▸ api-token                                 ││Value   (x to reveal)                                                   │
│  vault-secret                              ││•••••••••••••••                                                         │
│                                            ││                                                                        │
│                                            ││                                                                        │
│                                            ││                                                                        │
│                                            ││Version ID  9f8e7d6c5b4a                                                │
│                                            ││Created     2026-07-01 09:30:00                                         │
│                                            ││State       enabled                                                     │
│                                            ││Tags        rotation=2026Q2                                             │
│                                            ││                                                                        │
│                                            ││History   c: compare mode                                               │
│                                            ││▸ 9f8e7d6c…  2026-07-01  current  [enabled]                             │
│                                            ││     tags: rotation=2026Q2                                              │
│                                            ││  4c3b2a19…  2026-06-24  [disabled]                                     │
│                                            ││     tags: rotation=2026Q1                                              │
│                                            ││                                                                        │
│                                            ││                                                                        │
│                                            ││                                                                        │
│                                            ││                                                                        │
│                                            ││                                                                        │
│                                            ││                                                                        │
│                                            ││                                                                        │
│                                            ││                                                                        │
│                                            ││                                                                        │
│                                            ││                                                                        │
│                                            ││                                                                        │
╰────────────────────────────────────────────╯╰────────────────────────────────────────────────────────────────────────╯
 tab next tab • 1/2/3 jump to tab • ? help • q quit