╭───────────────────────────────────────────╮
│  Delete secret                            │
│                                           │
│  ( ) Stage    (•) Apply immediately       │
│                                           │
│  ←→: choose · enter: confirm · esc: back  │
╰───────────────────────────────────────────╯