╭──────────────────────────────────────────────────────────╮
│  New secret                                              │
│                                                          │
│  ┃ Name                                                  │
│  ┃ >                                                     │
│                                                          │
│    Value                                                 │
│                                                          │
│                                                          │
│                                                          │
│                                                          │
│                                                          │
│    Description                                           │
│    (optional)                                            │
│  tab/shift+tab: fields · enter: next · esc: cancel       │
╰──────────────────────────────────────────────────────────╯