╭──────────────────────────────────────────────────────╮
│Restore secret                                        │
│                                                      │
│┃ Name                                                │
│┃ > prod/api/deleted                                  │
│enter: restore · esc: cancel                          │
╰──────────────────────────────────────────────────────╯