╭────────────────────────────────────────────────────────────────────╮
│  Delete secret                                                     │
│                                                                    │
│  api-key                                                           │
│                                                                    │
│  ▸ [ Delete ]                                                      │
│    [ Cancel ]                                                      │
│  ↑↓: move · space/enter: toggle/submit · ←→: window · esc: cancel  │
╰────────────────────────────────────────────────────────────────────╯