suve  aws · profile:dev · account:123456789012 · region:ap-northeast-1
 Param Secret Staging
────────────────────────────────────────────────────────────────────────────────────────────────────────────────────────
prefix: —   filter: —   values:off  ⟳
╭──────────────────────────────────────────────╮ ╭─────────────────────────────────────────────────────────────────────╮
│ entries (2)                                  │ │ prod/api/key                                                        │
│ ▸ prod/api/key                               │ │ Value   (x to reveal)                                               │
│   prod/web/session                           │ │ ••••••••••••                                                        │
│                                              │ │                                                                     │
│                                              │ │                                                                     │
│                                              │ │                                                                     │
│                                              │ │ Version ID  a1b2c3d4-1111-2222-3333-444455556666                    │
│                                              │ │ Created     2026-07-01 09:30:00                                     │
│                                              │ │ ARN         arn:aws:secretsmanager:ap-northeast-1:123456789012:secr │
│                                              │ │ Labels      AWSCURRENT                                              │
│                                              │ │ Tags        (none)                                                  │
│                                              │ │                                                                     │
│                                              │ │ History   enter: history · c: compare mode                          │
│                                              │ │ ▹ a1b2c3d4…  2026-07-01  current  [AWSCURRENT]                      │
│                                              │ │      ••••••••••••                                                   │
│                                              │ │   e5f6a7b8…  2026-06-24  [AWSPREVIOUS]                              │
│                                              │ │      ••••••••••••                                                   │
│                                              │ │                                                                     │
│                                              │ │                                                                     │
│                                              │ │                                                                     │
│                                              │ │                                                                     │
╰──────────────────────────────────────────────╯ ╰─────────────────────────────────────────────────────────────────────╯
 ↑/↓   move              p prefix               n new        c compare    tab       next tab
enter history           / filter               e edit                    shift+tab prev tab
esc   back              v values               d delete                  1/2/3     jump to tab
space pick/namespace    r recursive/refresh    t tag                     ?         help
                        x reveal               R restore                 q         quit
                        [ narrow list          y copy
                        ] widen list