╭──────────────────────────────────────────────────────────╮
│  Tag — /app/api/DATABASE_URL                             │
│                                                          │
│  ┃ Action                                                │
│  ┃ ← Add tag →                                           │
│                                                          │
│    Key                                                   │
│    >                                                     │
│                                                          │
│    Value                                                 │
│    > (add only)                                          │
│                                                          │
│    Mode                                                  │
│    (•) Stage    ( ) Apply immediately                    │
│  tab/↑↓: fields · enter: next · ctrl+s / shift+enter:    │
│  submit · esc: cancel                                    │
╰──────────────────────────────────────────────────────────╯