suve  aws · profile:dev · account:123456789012 · region:ap-northeast-1
 Param Secret Staging(2)
────────────────────────────────────────────────────────────────────────────────────────────────────────────────────────
 view: [diff] value   A apply-all · R reset-all · ctrl+r refresh
 Param (2)                                                                                            a apply · r reset
 ▸ update  /app/api/SECURE_TOKEN
     - old-securestring-db-password-value
     + securestring-db-password-value
   update  /app/web/CDN_URL
     - https://cdn-old.example.com
     + https://cdn-new.example.com






















 ↑/↓ move • e edit • u unstage • x hide • enter detail • v view • tab next tab • 1/2/3 jump to tab • ? help • q quit