suve  aws · profile:dev · account:123456789012 · region:ap-northeast-1
 Param Secret Staging
────────────────────────────────────────────────────────────────────────────────────────────────────












                            (no data source available for this service)













 tab next tab • 1/2/3 jump to tab • ? help • q quit