╭──────────────────────────────────────────────────────────╮
│  New setting                                             │
│                                                          │
│  ┃ Name                                                  │
│  ┃ >                                                     │
│                                                          │
│    Namespace                                             │
│    > (default)                                           │
│                                                          │
│    Value                                                 │
│                                                          │
│                                                          │
│                                                          │
│                                                          │
│                                                          │
│    Mode                                                  │
│    (•) Stage    ( ) Apply immediately                    │
│  tab/↑↓: fields · enter: next · ctrl+s / shift+enter:    │
│  submit · esc: cancel                                    │
╰──────────────────────────────────────────────────────────╯