╭──────────────────────────────────────────────────────────────────────────────────────────────────╮
│ diff: api-key#2 → api-key#3  ·  s: side-by-side  ·  x: hide                                      │
│ --- api-key#2                                                                                    │
│ +++ api-key#3                                                                                    │
│ @@ -1 +1 @@                                                                                      │
│ -googlecloud-secret-2                                                                            │
│ \ No newline at end of file                                                                      │
│ +googlecloud-secret-value-three                                                                  │
│ \ No newline at end of file                                                                      │
│                                                                                                  │
│                                                                                                  │
│                                                                                                  │
│                                                                                                  │
│                                                                                                  │
│                                                                                                  │
│                                                                                                  │
│                                                                                                  │
│                                                                                                  │
│                                                                                                  │
│                                                                                                  │
│                                                                                                  │
│                                                                                                  │
│                                                                                                  │
│                                                                                                  │
│                                                                                                  │
│                                                                                                  │
│                                                                                                  │
│                                                                                                  │
│                                                                                                  │
╰──────────────────────────────────────────────────────────────────────────────────────────────────╯