suve  azure · store:myapp-config
 App Configuration Staging
────────────────────────────────────────────────────────────────────────────────────────────────────────────────────────
ns: (NULL)   prefix: —   filter: —   values:off  ⟳
╭────────────────────────────────────────────╮ ╭───────────────────────────────────────────────────────────────────────╮
│ entries (2)                                │ │ app/FeatureY                                                          │
│ ▸ app/FeatureY                    [(NULL)] │ │ Value                                                                 │
│   app/Timeout                     [(NULL)] │ │ enabled                                                               │
│                                            │ │                                                                       │
│                                            │ │                                                                       │
│                                            │ │                                                                       │
│                                            │ │ Namespace   (NULL)                                                    │
│                                            │ │ Modified    2026-07-01 09:30:00                                       │
│                                            │ │ Tags        team=web                                                  │
│                                            │ │                                                                       │
│                                            │ │                                                                       │
│                                            │ │                                                                       │
│                                            │ │                                                                       │
│                                            │ │                                                                       │
│                                            │ │                                                                       │
│                                            │ │                                                                       │
│                                            │ │                                                                       │
│                                            │ │                                                                       │
│                                            │ │                                                                       │
│                                            │ │                                                                       │
│                                            │ │                                                                       │
│                                            │ │                                                                       │
│                                            │ │                                                                       │
│                                            │ │                                                                       │
│                                            │ │                                                                       │
│                                            │ │                                                                       │
│                                            │ │                                                                       │
╰────────────────────────────────────────────╯ ╰───────────────────────────────────────────────────────────────────────╯
 ↑/↓ move • / filter • e edit • n new • tab next tab • 1/2/3 jump to tab • ? help • q quit