╭──────────────────────────────────────────────────────────╮
│  New setting                                             │
│                                                          │
│  ┃ Name                                                  │
│  ┃ >                                                     │
│                                                          │
│    Namespace                                             │
│    > (default)                                           │
│                                                          │
│    Value                                                 │
│                                                          │
│                                                          │
│                                                          │
│                                                          │
│                                                          │
│     OK                                                   │
│  tab/shift+tab: fields · enter: next · esc: cancel       │
╰──────────────────────────────────────────────────────────╯