╭──────────────────────────────────────────────────────────────────────────────────────────────────╮
│diff: /app/api/DATABASE_URL#13 → /app/api/DATABASE_URL#14                                         │
│--- /app/api/DATABASE_URL#13                                                                      │
│+++ /app/api/DATABASE_URL#14                                                                      │
│@@ -1 +1 @@                                                                                       │
│-•••••••••••                                                                                      │
│\ No newline at end of file                                                                       │
│+•••••••••••••••••••••                                                                            │
│\ No newline at end of file                                                                       │
│                                                                                                  │
│                                                                                                  │
│                                                                                                  │
│                                                                                                  │
│                                                                                                  │
│                                                                                                  │
│                                                                                                  │
│                                                                                                  │
│                                                                                                  │
│                                                                                                  │
│                                                                                                  │
│                                                                                                  │
│                                                                                                  │
│                                                                                                  │
│                                                                                                  │
│                                                                                                  │
│                                                                                                  │
│                                                                                                  │
│                                                                                                  │
│                                                                                                  │
╰──────────────────────────────────────────────────────────────────────────────────────────────────╯