suve  googlecloud · project:my-project
 Secret Staging
────────────────────────────────────────────────────────────────────────────────────────────────────────────────────────
prefix: —   filter: —   values:off  ⟳
╭────────────────────────────────────────────╮╭────────────────────────────────────────────────────────────────────────╮
│entries (2)                                 ││api-key                                                                 │
│▸ api-key                                   ││Value   (x to reveal)                                                   │
│  db-password                               ││••••••••••••••••                                                        │
│                                            ││                                                                        │
│                                            ││                                                                        │
│                                            ││                                                                        │
│                                            ││Version ID  3                                                           │
│                                            ││Created     2026-07-01 09:30:00                                         │
│                                            ││State       enabled                                                     │
│                                            ││Tags        (none)                                                      │
│                                            ││                                                                        │
│                                            ││History   c: compare mode                                               │
│                                            ││▸ 3  2026-07-01  current  [enabled]                                     │
│                                            ││  2  2026-06-24  [disabled]                                             │
│                                            ││  1  2026-06-02  [destroyed]                                            │
│                                            ││                                                                        │
│                                            ││                                                                        │
│                                            ││                                                                        │
│                                            ││                                                                        │
│                                            ││                                                                        │
│                                            ││                                                                        │
│                                            ││                                                                        │
│                                            ││                                                                        │
│                                            ││                                                                        │
│                                            ││                                                                        │
│                                            ││                                                                        │
│                                            ││                                                                        │
╰────────────────────────────────────────────╯╰────────────────────────────────────────────────────────────────────────╯
 tab next tab • 1/2/3 jump to tab • ? help • q quit