╭────────────────────────────────────────────────────────────────╮
│Delete secret                                                   │
│                                                                │
│prod/api/old-key                                                │
│                                                                │
│  [ ] Force delete (immediate, no recovery)                     │
│▸ Mode   ( ) Stage    (•) Apply immediately                     │
│  [ Delete ]                                                    │
│  [ Cancel ]                                                    │
│↑↓: move · space/enter: toggle/submit · ←→: window · esc: cancel│
╰────────────────────────────────────────────────────────────────╯