╭──────────────────────────────────────────────────────────────────────────────────────────────────╮
│  Apply results                                                                                   │
│                                                                                                  │
│  ✓ updated  /app/web/PARAM_00                                                                    │
│  ✓ updated  /app/web/PARAM_01                                                                    │
│  ✓ updated  /app/web/PARAM_02                                                                    │
│  ✓ updated  /app/web/PARAM_03                                                                    │
│  ✓ updated  /app/web/PARAM_04                                                                    │
│  ✓ updated  /app/web/PARAM_05                                                                    │
│  ✓ updated  /app/web/PARAM_06                                                                    │
│  ✓ updated  /app/web/PARAM_07                                                                    │
│  ✓ updated  /app/web/PARAM_08                                                                    │
│  ✓ updated  /app/web/PARAM_09                                                                    │
│  ✓ updated  /app/web/PARAM_10                                                                    │
│  ✓ updated  /app/web/PARAM_11                                                                    │
│  ✓ updated  /app/web/PARAM_12                                                                    │
│  ✓ updated  /app/web/PARAM_13                                                                    │
│  ✓ updated  /app/web/PARAM_14                                                                    │
│  ✓ updated  /app/web/PARAM_15                                                                    │
│  ✓ updated  /app/web/PARAM_16                                                                    │
│  ✓ updated  /app/web/PARAM_17                                                                    │
│  ✓ updated  /app/web/PARAM_18                                                                    │
│  ✓ updated  /app/web/PARAM_19                                                                    │
│  ✓ updated  /app/web/PARAM_20                                                                    │
│  ✓ updated  /app/web/PARAM_21                                                                    │
│  ✓ updated  /app/web/PARAM_22                                                                    │
│  ✓ updated  /app/web/PARAM_23                                                                    │
│                                                                                                  │
│  ↑↓/pgup/pgdn: scroll · enter/esc: close                                                         │
╰──────────────────────────────────────────────────────────────────────────────────────────────────╯