╭───────────────────────────────────────────────────────────────────────────────╮
│  Cannot create here                                                           │
│                                                                               │
│  Creating is blocked while viewing all namespaces. Pick one namespace first.  │
│                                                                               │
│  enter/esc: close                                                             │
╰───────────────────────────────────────────────────────────────────────────────╯