╭────────────────────────────────────────────────────────────────────╮
│  Delete secret                                                     │
│                                                                    │
│  api-key                                                           │
│                                                                    │
│  ▸ Mode   (•) Stage    ( ) Apply immediately                       │
│    [ Stage ]                                                       │
│    [ Cancel ]                                                      │
│  ↑↓: move · space/enter: toggle/submit · ←→: window · esc: cancel  │
╰────────────────────────────────────────────────────────────────────╯