╭──────────────────────────────────────────────────────────╮
│  New parameter                                           │
│                                                          │
│  ┃ Name                                                  │
│  ┃ >                                                     │
│                                                          │
│    Type                                                  │
│    > String                                              │
│      SecureString                                        │
│      StringList                                          │
│                                                          │
│    Value                                                 │
│                                                          │
│                                                          │
│                                                          │
│                                                          │
│                                                          │
│    Description                                           │
│    (optional)                                            │
│                                                          │
│                                                          │
│                                                          │
│     OK                                                   │
│  tab/shift+tab: fields · enter: next · esc: cancel       │
╰──────────────────────────────────────────────────────────╯