╭──────────────────────────────────────────────────────╮
│New parameter                                         │
│                                                      │
│┃ Name                                                │
│┃ >                                                   │
│                                                      │
│  Value                                               │
│                                                      │
│                                                      │
│                                                      │
│                                                      │
│                                                      │
│  Description                                         │
│  > (optional)                                        │
│                                                      │
│  Mode                                                │
│  (•) Stage    ( ) Apply immediately                  │
│tab/↑↓: fields · enter: submit · esc: cancel          │
╰──────────────────────────────────────────────────────╯